INFO energy_bench: built 63 workloads (burst=32); est. runtime ~16 min + 30s static
INFO energy_bench: measuring STATIC baseline power for 30s (GPU idle) ...
INFO energy_bench:   static power = 7276 mW (277 samples)
INFO energy_bench: [tensor/matmul[128x128]] warmup 5s ...
INFO energy_bench: [tensor/matmul[128x128]] measure 10s ...
INFO energy_bench:   -> 0.0641 ms/op, 155936 ops, 8329 mW active, 0.07 TFLOPS
INFO energy_bench: [tensor/matmul[256x256]] warmup 5s ...
INFO energy_bench: [tensor/matmul[256x256]] measure 10s ...
INFO energy_bench:   -> 0.0587 ms/op, 170336 ops, 8860 mW active, 0.57 TFLOPS
INFO energy_bench: [tensor/matmul[512x512]] warmup 5s ...
INFO energy_bench: [tensor/matmul[512x512]] measure 10s ...
INFO energy_bench:   -> 0.0527 ms/op, 189920 ops, 14661 mW active, 5.10 TFLOPS
INFO energy_bench: [tensor/matmul[1024x1024]] warmup 5s ...
INFO energy_bench: [tensor/matmul[1024x1024]] measure 10s ...
INFO energy_bench:   -> 0.1800 ms/op, 55552 ops, 23946 mW active, 11.93 TFLOPS
INFO energy_bench: [tensor/matmul[2048x2048]] warmup 5s ...
INFO energy_bench: [tensor/matmul[2048x2048]] measure 10s ...
INFO energy_bench:   -> 0.8488 ms/op, 11808 ops, 32870 mW active, 20.24 TFLOPS
INFO energy_bench: [tensor/matmul[4096x4096]] warmup 5s ...
INFO energy_bench: [tensor/matmul[4096x4096]] measure 10s ...
INFO energy_bench:   -> 6.4677 ms/op, 1568 ops, 35176 mW active, 21.25 TFLOPS
INFO energy_bench: [tensor/matmul[8192x8192]] warmup 5s ...
INFO energy_bench: [tensor/matmul[8192x8192]] measure 10s ...
INFO energy_bench:   -> 64.1574 ms/op, 160 ops, 32639 mW active, 17.14 TFLOPS
INFO energy_bench: [vector/softmax[1x512x512]] warmup 5s ...
INFO energy_bench: [vector/softmax[1x512x512]] measure 10s ...
INFO energy_bench:   -> 0.0329 ms/op, 304416 ops, 11750 mW active
INFO energy_bench: [vector/layernorm[1x512x512]] warmup 5s ...
INFO energy_bench: [vector/layernorm[1x512x512]] measure 10s ...
INFO energy_bench:   -> 0.0575 ms/op, 173856 ops, 11584 mW active
INFO energy_bench: [vector/rmsnorm[1x512x512]] warmup 5s ...
INFO energy_bench: [vector/rmsnorm[1x512x512]] measure 10s ...
INFO energy_bench:   -> 0.1944 ms/op, 51456 ops, 9647 mW active
INFO energy_bench: [vector/adarms[1x512x512]] warmup 5s ...
INFO energy_bench: [vector/adarms[1x512x512]] measure 10s ...
INFO energy_bench:   -> 0.4645 ms/op, 21536 ops, 8864 mW active
INFO energy_bench: [vector/add[1x512x512]] warmup 5s ...
INFO energy_bench: [vector/add[1x512x512]] measure 10s ...
INFO energy_bench:   -> 0.0258 ms/op, 387296 ops, 9978 mW active
INFO energy_bench: [vector/mul[1x512x512]] warmup 5s ...
INFO energy_bench: [vector/mul[1x512x512]] measure 10s ...
INFO energy_bench:   -> 0.0258 ms/op, 387456 ops, 9838 mW active
INFO energy_bench: [vector/silu[1x512x512]] warmup 5s ...
INFO energy_bench: [vector/silu[1x512x512]] measure 10s ...
INFO energy_bench:   -> 0.0295 ms/op, 338720 ops, 10272 mW active
INFO energy_bench: [vector/softmax[1x512x1024]] warmup 5s ...
INFO energy_bench: [vector/softmax[1x512x1024]] measure 10s ...
INFO energy_bench:   -> 0.0342 ms/op, 292544 ops, 15047 mW active
INFO energy_bench: [vector/layernorm[1x512x1024]] warmup 5s ...
INFO energy_bench: [vector/layernorm[1x512x1024]] measure 10s ...
INFO energy_bench:   -> 0.0549 ms/op, 182144 ops, 14240 mW active
INFO energy_bench: [vector/rmsnorm[1x512x1024]] warmup 5s ...
INFO energy_bench: [vector/rmsnorm[1x512x1024]] measure 10s ...
INFO energy_bench:   -> 0.1823 ms/op, 54880 ops, 11874 mW active
INFO energy_bench: [vector/adarms[1x512x1024]] warmup 5s ...
INFO energy_bench: [vector/adarms[1x512x1024]] measure 10s ...
INFO energy_bench:   -> 0.4374 ms/op, 22880 ops, 11659 mW active
INFO energy_bench: [vector/add[1x512x1024]] warmup 5s ...
INFO energy_bench: [vector/add[1x512x1024]] measure 10s ...
INFO energy_bench:   -> 0.0243 ms/op, 412160 ops, 12419 mW active
INFO energy_bench: [vector/mul[1x512x1024]] warmup 5s ...
INFO energy_bench: [vector/mul[1x512x1024]] measure 10s ...
INFO energy_bench:   -> 0.0255 ms/op, 392320 ops, 12016 mW active
INFO energy_bench: [vector/silu[1x512x1024]] warmup 5s ...
INFO energy_bench: [vector/silu[1x512x1024]] measure 10s ...
INFO energy_bench:   -> 0.0293 ms/op, 341056 ops, 13949 mW active
INFO energy_bench: [vector/softmax[1x512x2048]] warmup 5s ...
INFO energy_bench: [vector/softmax[1x512x2048]] measure 10s ...
INFO energy_bench:   -> 0.1701 ms/op, 58848 ops, 13425 mW active
INFO energy_bench: [vector/layernorm[1x512x2048]] warmup 5s ...
INFO energy_bench: [vector/layernorm[1x512x2048]] measure 10s ...
INFO energy_bench:   -> 0.0582 ms/op, 171968 ops, 19912 mW active
INFO energy_bench: [vector/rmsnorm[1x512x2048]] warmup 5s ...
INFO energy_bench: [vector/rmsnorm[1x512x2048]] measure 10s ...
INFO energy_bench:   -> 0.2046 ms/op, 48896 ops, 17941 mW active
INFO energy_bench: [vector/adarms[1x512x2048]] warmup 5s ...
INFO energy_bench: [vector/adarms[1x512x2048]] measure 10s ...
INFO energy_bench:   -> 0.4611 ms/op, 21696 ops, 18251 mW active
INFO energy_bench: [vector/add[1x512x2048]] warmup 5s ...
INFO energy_bench: [vector/add[1x512x2048]] measure 10s ...
INFO energy_bench:   -> 0.0542 ms/op, 184608 ops, 19507 mW active
INFO energy_bench: [vector/mul[1x512x2048]] warmup 5s ...
INFO energy_bench: [vector/mul[1x512x2048]] measure 10s ...
INFO energy_bench:   -> 0.0545 ms/op, 183520 ops, 19226 mW active
INFO energy_bench: [vector/silu[1x512x2048]] warmup 5s ...
INFO energy_bench: [vector/silu[1x512x2048]] measure 10s ...
INFO energy_bench:   -> 0.0351 ms/op, 284832 ops, 21150 mW active
INFO energy_bench: [vector/softmax[1x512x4096]] warmup 5s ...
INFO energy_bench: [vector/softmax[1x512x4096]] measure 10s ...
INFO energy_bench:   -> 0.2085 ms/op, 47968 ops, 17101 mW active
INFO energy_bench: [vector/layernorm[1x512x4096]] warmup 5s ...
INFO energy_bench: [vector/layernorm[1x512x4096]] measure 10s ...
INFO energy_bench:   -> 0.0980 ms/op, 102048 ops, 22865 mW active
INFO energy_bench: [vector/rmsnorm[1x512x4096]] warmup 5s ...
INFO energy_bench: [vector/rmsnorm[1x512x4096]] measure 10s ...
INFO energy_bench:   -> 0.3636 ms/op, 27520 ops, 19870 mW active
INFO energy_bench: [vector/adarms[1x512x4096]] warmup 5s ...
INFO energy_bench: [vector/adarms[1x512x4096]] measure 10s ...
INFO energy_bench:   -> 0.9361 ms/op, 10688 ops, 22183 mW active
INFO energy_bench: [vector/add[1x512x4096]] warmup 5s ...
INFO energy_bench: [vector/add[1x512x4096]] measure 10s ...
INFO energy_bench:   -> 0.0952 ms/op, 105056 ops, 21009 mW active
INFO energy_bench: [vector/mul[1x512x4096]] warmup 5s ...
INFO energy_bench: [vector/mul[1x512x4096]] measure 10s ...
INFO energy_bench:   -> 0.0942 ms/op, 106176 ops, 21160 mW active
INFO energy_bench: [vector/silu[1x512x4096]] warmup 5s ...
INFO energy_bench: [vector/silu[1x512x4096]] measure 10s ...
INFO energy_bench:   -> 0.0730 ms/op, 137056 ops, 24302 mW active
INFO energy_bench: [vector/softmax[1x1024x512]] warmup 5s ...
INFO energy_bench: [vector/softmax[1x1024x512]] measure 10s ...
INFO energy_bench:   -> 0.0320 ms/op, 312160 ops, 15782 mW active
INFO energy_bench: [vector/layernorm[1x1024x512]] warmup 5s ...
INFO energy_bench: [vector/layernorm[1x1024x512]] measure 10s ...
INFO energy_bench:   -> 0.0585 ms/op, 170912 ops, 15830 mW active
INFO energy_bench: [vector/rmsnorm[1x1024x512]] warmup 5s ...
INFO energy_bench: [vector/rmsnorm[1x1024x512]] measure 10s ...
INFO energy_bench:   -> 0.1759 ms/op, 56864 ops, 12358 mW active
INFO energy_bench: [vector/adarms[1x1024x512]] warmup 5s ...
INFO energy_bench: [vector/adarms[1x1024x512]] measure 10s ...
INFO energy_bench:   -> 0.4602 ms/op, 21728 ops, 10026 mW active
INFO energy_bench: [vector/add[1x1024x512]] warmup 5s ...
INFO energy_bench: [vector/add[1x1024x512]] measure 10s ...
INFO energy_bench:   -> 0.0243 ms/op, 411744 ops, 12337 mW active
INFO energy_bench: [vector/mul[1x1024x512]] warmup 5s ...
INFO energy_bench: [vector/mul[1x1024x512]] measure 10s ...
INFO energy_bench:   -> 0.0257 ms/op, 389728 ops, 12090 mW active
INFO energy_bench: [vector/silu[1x1024x512]] warmup 5s ...
INFO energy_bench: [vector/silu[1x1024x512]] measure 10s ...
INFO energy_bench:   -> 0.0280 ms/op, 357280 ops, 14120 mW active
INFO energy_bench: [vector/softmax[1x1024x1024]] warmup 5s ...
INFO energy_bench: [vector/softmax[1x1024x1024]] measure 10s ...
INFO energy_bench:   -> 0.0513 ms/op, 194944 ops, 21289 mW active
INFO energy_bench: [vector/layernorm[1x1024x1024]] warmup 5s ...
INFO energy_bench: [vector/layernorm[1x1024x1024]] measure 10s ...
INFO energy_bench:   -> 0.0646 ms/op, 154880 ops, 21390 mW active
INFO energy_bench: [vector/rmsnorm[1x1024x1024]] warmup 5s ...
INFO energy_bench: [vector/rmsnorm[1x1024x1024]] measure 10s ...
INFO energy_bench:   -> 0.1935 ms/op, 51712 ops, 18464 mW active
INFO energy_bench: [vector/adarms[1x1024x1024]] warmup 5s ...
INFO energy_bench: [vector/adarms[1x1024x1024]] measure 10s ...
INFO energy_bench:   -> 0.4296 ms/op, 23296 ops, 16180 mW active
INFO energy_bench: [vector/add[1x1024x1024]] warmup 5s ...
INFO energy_bench: [vector/add[1x1024x1024]] measure 10s ...
INFO energy_bench:   -> 0.0538 ms/op, 185888 ops, 19971 mW active
INFO energy_bench: [vector/mul[1x1024x1024]] warmup 5s ...
INFO energy_bench: [vector/mul[1x1024x1024]] measure 10s ...
INFO energy_bench:   -> 0.0535 ms/op, 187072 ops, 19805 mW active
INFO energy_bench: [vector/silu[1x1024x1024]] warmup 5s ...
INFO energy_bench: [vector/silu[1x1024x1024]] measure 10s ...
INFO energy_bench:   -> 0.0406 ms/op, 246496 ops, 21554 mW active
INFO energy_bench: [vector/softmax[1x1024x2048]] warmup 5s ...
INFO energy_bench: [vector/softmax[1x1024x2048]] measure 10s ...
INFO energy_bench:   -> 0.3643 ms/op, 27456 ops, 13490 mW active
INFO energy_bench: [vector/layernorm[1x1024x2048]] warmup 5s ...
INFO energy_bench: [vector/layernorm[1x1024x2048]] measure 10s ...
INFO energy_bench:   -> 0.1025 ms/op, 97536 ops, 23448 mW active
INFO energy_bench: [vector/rmsnorm[1x1024x2048]] warmup 5s ...
INFO energy_bench: [vector/rmsnorm[1x1024x2048]] measure 10s ...
INFO energy_bench:   -> 0.3608 ms/op, 27744 ops, 19980 mW active
INFO energy_bench: [vector/adarms[1x1024x2048]] warmup 5s ...
INFO energy_bench: [vector/adarms[1x1024x2048]] measure 10s ...
INFO energy_bench:   -> 0.6153 ms/op, 16256 ops, 20760 mW active
INFO energy_bench: [vector/add[1x1024x2048]] warmup 5s ...
INFO energy_bench: [vector/add[1x1024x2048]] measure 10s ...
INFO energy_bench:   -> 0.0951 ms/op, 105120 ops, 20948 mW active
INFO energy_bench: [vector/mul[1x1024x2048]] warmup 5s ...
INFO energy_bench: [vector/mul[1x1024x2048]] measure 10s ...
INFO energy_bench:   -> 0.0942 ms/op, 106176 ops, 21069 mW active
INFO energy_bench: [vector/silu[1x1024x2048]] warmup 5s ...
INFO energy_bench: [vector/silu[1x1024x2048]] measure 10s ...
INFO energy_bench:   -> 0.0720 ms/op, 138976 ops, 24460 mW active
INFO energy_bench: [vector/softmax[1x1024x4096]] warmup 5s ...
INFO energy_bench: [vector/softmax[1x1024x4096]] measure 10s ...
INFO energy_bench:   -> 0.3986 ms/op, 25088 ops, 17135 mW active
INFO energy_bench: [vector/layernorm[1x1024x4096]] warmup 5s ...
INFO energy_bench: [vector/layernorm[1x1024x4096]] measure 10s ...
INFO energy_bench:   -> 0.1695 ms/op, 59008 ops, 25227 mW active
INFO energy_bench: [vector/rmsnorm[1x1024x4096]] warmup 5s ...
INFO energy_bench: [vector/rmsnorm[1x1024x4096]] measure 10s ...
INFO energy_bench:   -> 0.6906 ms/op, 14496 ops, 20467 mW active
INFO energy_bench: [vector/adarms[1x1024x4096]] warmup 5s ...
INFO energy_bench: [vector/adarms[1x1024x4096]] measure 10s ...
INFO energy_bench:   -> 1.3719 ms/op, 7296 ops, 21974 mW active
INFO energy_bench: [vector/add[1x1024x4096]] warmup 5s ...
INFO energy_bench: [vector/add[1x1024x4096]] measure 10s ...
INFO energy_bench:   -> 0.1811 ms/op, 55232 ops, 21523 mW active
INFO energy_bench: [vector/mul[1x1024x4096]] warmup 5s ...
INFO energy_bench: [vector/mul[1x1024x4096]] measure 10s ...
INFO energy_bench:   -> 0.1790 ms/op, 55872 ops, 21657 mW active
INFO energy_bench: [vector/silu[1x1024x4096]] warmup 5s ...
INFO energy_bench: [vector/silu[1x1024x4096]] measure 10s ...
INFO energy_bench:   -> 0.1329 ms/op, 75264 ops, 25986 mW active
INFO energy_bench: wrote results -> /home/jetson/workspace/profileTool/energy_full.json

==============================================================================
  TENSOR  --  matmul A[N,N] @ B[N,N]  (bf16)
==============================================================================
        shape      ms/op    TFLOPS  mJ/op(net)  GFLOP/J(net)  active mW
------------------------------------------------------------------------------
      128x128      0.064      0.07       0.068         62.08       8329
      256x256      0.059      0.57       0.093        360.78       8860
      512x512      0.053      5.10       0.389        690.29      14661
    1024x1024      0.180     11.93       3.001        715.61      23946
    2048x2048      0.849     20.24      21.725        790.78      32870
    4096x4096      6.468     21.25     180.448        761.65      35176
    8192x8192     64.157     17.14    1627.271        675.68      32640
==============================================================================

==============================================================================
  VECTOR  --  per-call latency + energy  (bf16)
==============================================================================
          op          shape       us/op  mJ/op(gross)  mJ/op(net)  active mW
------------------------------------------------------------------------------
     softmax      1x512x512       32.85        0.3860      0.1470      11750
   layernorm      1x512x512       57.52        0.6664      0.2478      11584
     rmsnorm      1x512x512      194.36        1.8749      0.4608       9647
      adarms      1x512x512      464.51        4.1176      0.7379       8864
         add      1x512x512       25.82        0.2576      0.0698       9978
         mul      1x512x512       25.81        0.2539      0.0661       9838
        silu      1x512x512       29.52        0.3033      0.0885      10272
     softmax     1x512x1024       34.18        0.5144      0.2657      15048
   layernorm     1x512x1024       54.92        0.7821      0.3825      14240
     rmsnorm     1x512x1024      182.31        2.1649      0.8384      11874
      adarms     1x512x1024      437.42        5.0999      1.9173      11659
         add     1x512x1024       24.26        0.3013      0.1248      12419
         mul     1x512x1024       25.49        0.3063      0.1208      12016
        silu     1x512x1024       29.32        0.4090      0.1957      13949
     softmax     1x512x2048      170.06        2.2830      1.0457      13425
   layernorm     1x512x2048       58.16        1.1580      0.7349      19912
     rmsnorm     1x512x2048      204.62        3.6711      2.1824      17941
      adarms     1x512x2048      461.11        8.4157      5.0608      18251
         add     1x512x2048       54.17        1.0567      0.6626      19506
         mul     1x512x2048       54.49        1.0476      0.6512      19226
        silu     1x512x2048       35.11        0.7426      0.4871      21150
     softmax     1x512x4096      208.51        3.5656      2.0486      17101
   layernorm     1x512x4096       98.02        2.2411      1.5280      22864
     rmsnorm     1x512x4096      363.58        7.2242      4.5789      19870
      adarms     1x512x4096      936.14       20.7662     13.9551      22183
         add     1x512x4096       95.20        1.9999      1.3073      21009
         mul     1x512x4096       94.19        1.9931      1.3078      21160
        silu     1x512x4096       72.97        1.7734      1.2425      24302
     softmax     1x1024x512       32.03        0.5056      0.2725      15782
   layernorm     1x1024x512       58.52        0.9263      0.5005      15830
     rmsnorm     1x1024x512      175.87        2.1734      0.8938      12358
      adarms     1x1024x512      460.24        4.6144      1.2658      10026
         add     1x1024x512       24.29        0.2996      0.1229      12337
         mul     1x1024x512       25.66        0.3102      0.1235      12090
        silu     1x1024x512       27.99        0.3952      0.1916      14120
     softmax    1x1024x1024       51.30        1.0922      0.7189      21289
   layernorm    1x1024x1024       64.58        1.3813      0.9114      21390
     rmsnorm    1x1024x1024      193.46        3.5720      2.1644      18464
      adarms    1x1024x1024      429.64        6.9514      3.8255      16180
         add    1x1024x1024       53.80        1.0744      0.6830      19971
         mul    1x1024x1024       53.46        1.0588      0.6698      19805
        silu    1x1024x1024       40.57        0.8745      0.5793      21554
     softmax    1x1024x2048      364.32        4.9145      2.2639      13490
   layernorm    1x1024x2048      102.54        2.4043      1.6582      23448
     rmsnorm    1x1024x2048      360.75        7.2077      4.5830      19980
      adarms    1x1024x2048      615.31       12.7740      8.2971      20760
         add    1x1024x2048       95.14        1.9931      1.3008      20948
         mul    1x1024x2048       94.19        1.9844      1.2991      21069
        silu    1x1024x2048       71.96        1.7600      1.2365      24460
     softmax    1x1024x4096      398.64        6.8308      3.9304      17135
   layernorm    1x1024x4096      169.49        4.2756      3.0425      25227
     rmsnorm    1x1024x4096      690.63       14.1354      9.1105      20467
      adarms    1x1024x4096     1371.91       30.1458     20.1641      21974
         add    1x1024x4096      181.09        3.8976      2.5800      21523
         mul    1x1024x4096      179.00        3.8766      2.5742      21657
        silu    1x1024x4096      132.88        3.4530      2.4862      25986
==============================================================================
